(V (K I) I)
(V (K I) (V (K I) I))
(V (K I) (V (K I) I))
